1. MAPS ONLY NAMED '.CUB' ARE ACCEPTED, THIS IS LIKELY WRONG BUT IDK, EASY TO FIX.

2. ARE SPACES ACCEPTED BETWEEN EACH COLOR NUMBERS OR ONLY AT THE LAST ONE?
SO IS F 255,   0,0 VALID? AND C 255   ,0,   0 ? OR ONLY F 255,0,0    ?

3. FLOODFILL ONLY CHECKS THE PLAYER MAP, OTHER ISLANDS WITHOUT PLAYERS ARE NOT
CHECKED, THIS SHOULD BE OK, BUT STILL IMPORTANT TO KEEP IN MIND. THEY DO SHOW UP IN THE MAP.

4. IF A CHAR BELONGING TO A TEXTURE IS FOUND (NO/SO/WE/EA) IN THE MAP, THE ERROR
OF MULTIPLE PLAYERS IS TRIGGERED INSTEAD OF THE ONE OF INVALID CHARS, THIS IS
FIXABLE BUT A MINOR ISSUE.
